2026-09-01 12:03:23 [INFO] etf_quant: ============================================================
2026-09-01 12:03:23 [INFO] etf_quant: ETF 量化自动化系统启动（2026-09-01 12:03:23）
2026-09-01 12:03:23 [INFO] etf_quant: 运行时间配置 14:45 / 时区 Asia/Shanghai
2026-09-01 12:03:24 [INFO] etf_quant: 已缓存 004348 净值 2319 条（最新 2026-08-30）
2026-09-01 12:03:25 [INFO] etf_quant: 已缓存 001593 净值 2718 条（最新 2026-08-30）
2026-09-01 12:03:26 [INFO] etf_quant: 已缓存 005733 净值 2065 条（最新 2026-08-30）
2026-09-01 12:03:27 [INFO] etf_quant: 已缓存 006479 净值 1905 条（最新 2026-08-27）
2026-09-01 12:03:27 [INFO] etf_quant: 已缓存 006075 净值 1973 条（最新 2026-08-30）
2026-09-01 12:03:30 [INFO] etf_quant: 已缓存 007801 净值 1721 条（最新 2026-08-31）
2026-09-01 12:03:39 [INFO] etf_quant: 已缓存 007301 净值 1749 条（最新 2026-08-31）
2026-09-01 12:03:40 [INFO] etf_quant: 已缓存 011613 净值 1314 条（最新 2026-08-30）
2026-09-01 12:03:40 [INFO] etf_quant: 回测结果已保存：/home/runner/work/etf-quant-auto/etf-quant-auto/data/signals/backtest_2026-09-01.json
2026-09-01 12:03:40 [INFO] etf_quant: 交易记录已保存：/home/runner/work/etf-quant-auto/etf-quant-auto/data/trades/backtest_20260901_120340.json（195 笔）
2026-09-01 12:03:40 [INFO] etf_quant: 回测完成：胜率 65.6% / 均笔 +1.63% / 回撤 5.8% / 交易 195 笔
2026-09-01 12:03:40 [INFO] etf_quant: 信号已保存：/home/runner/work/etf-quant-auto/etf-quant-auto/data/signals/2026-09-01.json（8 条）
2026-09-01 12:03:40 [INFO] etf_quant: 实盘信号完成：共 8 只标的，其中买入信号 0 只
2026-09-01 12:03:41 [INFO] etf_quant: 已缓存 024418 净值 237 条（最新 2026-08-31）
2026-09-01 12:03:42 [INFO] etf_quant: 已缓存 017997 净值 844 条（最新 2026-08-30）
2026-09-01 12:03:43 [INFO] etf_quant: 已缓存 007531 净值 1757 条（最新 2026-08-30）
2026-09-01 12:03:43 [INFO] etf_quant: 已缓存 020640 净值 606 条（最新 2026-08-31）
2026-09-01 12:03:43 [INFO] etf_quant: 持仓提醒完成：1 条（卖出 0 / 加仓 1）
2026-09-01 12:03:43 [INFO] etf_quant: 报告已保存：/home/runner/work/etf-quant-auto/etf-quant-auto/data/signals/report_latest.md
2026-09-01 12:03:43 [INFO] etf_quant: ============================================================
2026-09-01 12:03:43 [INFO] etf_quant: 本次运行结束
