2026-08-27 17:54:35 [INFO] etf_quant: ============================================================
2026-08-27 17:54:35 [INFO] etf_quant: ETF 量化自动化系统启动（2026-08-27 17:54:35）
2026-08-27 17:54:35 [INFO] etf_quant: 运行时间配置 14:45 / 时区 Asia/Shanghai
2026-08-27 17:54:37 [INFO] etf_quant: 已缓存 004348 净值 2317 条（最新 2026-08-26）
2026-08-27 17:54:39 [INFO] etf_quant: 已缓存 001593 净值 2716 条（最新 2026-08-26）
2026-08-27 17:54:40 [INFO] etf_quant: 已缓存 005733 净值 2063 条（最新 2026-08-26）
2026-08-27 17:54:40 [INFO] etf_quant: 已缓存 006479 净值 1903 条（最新 2026-08-25）
2026-08-27 17:54:41 [INFO] etf_quant: 已缓存 006075 净值 1970 条（最新 2026-08-25）
2026-08-27 17:54:42 [INFO] etf_quant: 已缓存 007801 净值 1718 条（最新 2026-08-26）
2026-08-27 17:54:44 [INFO] etf_quant: 已缓存 007301 净值 1746 条（最新 2026-08-26）
2026-08-27 17:54:45 [INFO] etf_quant: 已缓存 011613 净值 1312 条（最新 2026-08-26）
2026-08-27 17:54:45 [INFO] etf_quant: 回测结果已保存：/home/runner/work/etf-quant-auto/etf-quant-auto/data/signals/backtest_2026-08-27.json
2026-08-27 17:54:45 [INFO] etf_quant: 交易记录已保存：/home/runner/work/etf-quant-auto/etf-quant-auto/data/trades/backtest_20260827_175445.json（195 笔）
2026-08-27 17:54:45 [INFO] etf_quant: 回测完成：胜率 65.6% / 均笔 +1.63% / 回撤 5.8% / 交易 195 笔
2026-08-27 17:54:45 [INFO] etf_quant: 信号已保存：/home/runner/work/etf-quant-auto/etf-quant-auto/data/signals/2026-08-27.json（8 条）
2026-08-27 17:54:45 [INFO] etf_quant: 实盘信号完成：共 8 只标的，其中买入信号 0 只
2026-08-27 17:54:46 [INFO] etf_quant: 已缓存 024418 净值 234 条（最新 2026-08-26）
2026-08-27 17:54:47 [INFO] etf_quant: 已缓存 017997 净值 842 条（最新 2026-08-26）
2026-08-27 17:54:48 [INFO] etf_quant: 已缓存 007531 净值 1755 条（最新 2026-08-26）
2026-08-27 17:54:49 [INFO] etf_quant: 已缓存 020640 净值 603 条（最新 2026-08-26）
2026-08-27 17:54:49 [INFO] etf_quant: 持仓提醒完成：2 条（卖出 0 / 加仓 2）
2026-08-27 17:54:49 [INFO] etf_quant: 报告已保存：/home/runner/work/etf-quant-auto/etf-quant-auto/data/signals/report_latest.md
2026-08-27 17:54:49 [INFO] etf_quant: ============================================================
2026-08-27 17:54:49 [INFO] etf_quant: 本次运行结束
