2026-09-23 12:15:48 [INFO] etf_quant: ============================================================
2026-09-23 12:15:48 [INFO] etf_quant: ETF 量化自动化系统启动（2026-09-23 12:15:48）
2026-09-23 12:15:48 [INFO] etf_quant: 运行时间配置 14:45 / 时区 Asia/Shanghai
2026-09-23 12:15:50 [INFO] etf_quant: 已缓存 004348 净值 2335 条（最新 2026-09-21）
2026-09-23 12:15:51 [INFO] etf_quant: 已缓存 001593 净值 2735 条（最新 2026-09-22）
2026-09-23 12:15:53 [INFO] etf_quant: 已缓存 005733 净值 2081 条（最新 2026-09-21）
2026-09-23 12:15:54 [INFO] etf_quant: 已缓存 006479 净值 1921 条（最新 2026-09-20）
2026-09-23 12:15:54 [INFO] etf_quant: 已缓存 006075 净值 1988 条（最新 2026-09-20）
2026-09-23 12:15:58 [INFO] etf_quant: 已缓存 007801 净值 1736 条（最新 2026-09-21）
2026-09-23 12:15:59 [INFO] etf_quant: 已缓存 007301 净值 1764 条（最新 2026-09-21）
2026-09-23 12:16:00 [INFO] etf_quant: 已缓存 011613 净值 1330 条（最新 2026-09-21）
2026-09-23 12:16:00 [INFO] etf_quant: 回测结果已保存：/home/runner/work/etf-quant-auto/etf-quant-auto/data/signals/backtest_2026-09-23.json
2026-09-23 12:16:00 [INFO] etf_quant: 交易记录已保存：/home/runner/work/etf-quant-auto/etf-quant-auto/data/trades/backtest_20260923_121600.json（199 笔）
2026-09-23 12:16:00 [INFO] etf_quant: 回测完成：胜率 64.3% / 均笔 +1.52% / 回撤 6.0% / 交易 199 笔
2026-09-23 12:16:00 [INFO] etf_quant: 信号已保存：/home/runner/work/etf-quant-auto/etf-quant-auto/data/signals/2026-09-23.json（8 条）
2026-09-23 12:16:00 [INFO] etf_quant: 实盘信号完成：共 8 只标的，其中买入信号 0 只
2026-09-23 12:16:01 [INFO] etf_quant: 已缓存 024418 净值 252 条（最新 2026-09-21）
2026-09-23 12:16:02 [INFO] etf_quant: 已缓存 017997 净值 860 条（最新 2026-09-21）
2026-09-23 12:16:03 [INFO] etf_quant: 已缓存 007531 净值 1773 条（最新 2026-09-21）
2026-09-23 12:16:03 [INFO] etf_quant: 已缓存 020640 净值 621 条（最新 2026-09-21）
2026-09-23 12:16:03 [INFO] etf_quant: 持仓提醒完成：1 条（卖出 0 / 加仓 1）
2026-09-23 12:16:03 [INFO] etf_quant: 报告已保存：/home/runner/work/etf-quant-auto/etf-quant-auto/data/signals/report_latest.md
2026-09-23 12:16:03 [INFO] etf_quant: ============================================================
2026-09-23 12:16:03 [INFO] etf_quant: 本次运行结束
