2026-08-28 19:01:01 [INFO] etf_quant: ============================================================
2026-08-28 19:01:01 [INFO] etf_quant: ETF 量化自动化系统启动（2026-08-28 19:01:01）
2026-08-28 19:01:01 [INFO] etf_quant: 运行时间配置 14:45 / 时区 Asia/Shanghai
2026-08-28 19:01:02 [INFO] etf_quant: 已缓存 004348 净值 2318 条（最新 2026-08-27）
2026-08-28 19:01:03 [INFO] etf_quant: 已缓存 001593 净值 2717 条（最新 2026-08-27）
2026-08-28 19:01:03 [INFO] etf_quant: 已缓存 005733 净值 2064 条（最新 2026-08-27）
2026-08-28 19:01:04 [INFO] etf_quant: 已缓存 006479 净值 1904 条（最新 2026-08-26）
2026-08-28 19:01:05 [INFO] etf_quant: 已缓存 006075 净值 1971 条（最新 2026-08-26）
2026-08-28 19:01:06 [INFO] etf_quant: 已缓存 007801 净值 1719 条（最新 2026-08-27）
2026-08-28 19:01:07 [INFO] etf_quant: 已缓存 007301 净值 1747 条（最新 2026-08-27）
2026-08-28 19:01:07 [INFO] etf_quant: 已缓存 011613 净值 1313 条（最新 2026-08-27）
2026-08-28 19:01:07 [INFO] etf_quant: 回测结果已保存：/home/runner/work/etf-quant-auto/etf-quant-auto/data/signals/backtest_2026-08-28.json
2026-08-28 19:01:07 [INFO] etf_quant: 交易记录已保存：/home/runner/work/etf-quant-auto/etf-quant-auto/data/trades/backtest_20260828_190107.json（195 笔）
2026-08-28 19:01:07 [INFO] etf_quant: 回测完成：胜率 65.6% / 均笔 +1.63% / 回撤 5.8% / 交易 195 笔
2026-08-28 19:01:07 [INFO] etf_quant: 信号已保存：/home/runner/work/etf-quant-auto/etf-quant-auto/data/signals/2026-08-28.json（8 条）
2026-08-28 19:01:07 [INFO] etf_quant: 实盘信号完成：共 8 只标的，其中买入信号 0 只
2026-08-28 19:01:08 [INFO] etf_quant: 已缓存 024418 净值 235 条（最新 2026-08-27）
2026-08-28 19:01:10 [INFO] etf_quant: 已缓存 017997 净值 843 条（最新 2026-08-27）
2026-08-28 19:01:12 [INFO] etf_quant: 已缓存 007531 净值 1756 条（最新 2026-08-27）
2026-08-28 19:01:13 [INFO] etf_quant: 已缓存 020640 净值 604 条（最新 2026-08-27）
2026-08-28 19:01:13 [INFO] etf_quant: 持仓提醒完成：3 条（卖出 1 / 加仓 2）
2026-08-28 19:01:13 [INFO] etf_quant: 报告已保存：/home/runner/work/etf-quant-auto/etf-quant-auto/data/signals/report_latest.md
2026-08-28 19:01:13 [INFO] etf_quant: ============================================================
2026-08-28 19:01:13 [INFO] etf_quant: 本次运行结束
