2026-09-04 11:45:50 [INFO] etf_quant: ============================================================
2026-09-04 11:45:50 [INFO] etf_quant: ETF 量化自动化系统启动（2026-09-04 11:45:50）
2026-09-04 11:45:50 [INFO] etf_quant: 运行时间配置 14:45 / 时区 Asia/Shanghai
2026-09-04 11:45:52 [INFO] etf_quant: 已缓存 004348 净值 2322 条（最新 2026-09-02）
2026-09-04 11:45:53 [INFO] etf_quant: 已缓存 001593 净值 2721 条（最新 2026-09-02）
2026-09-04 11:45:54 [INFO] etf_quant: 已缓存 005733 净值 2068 条（最新 2026-09-02）
2026-09-04 11:45:55 [INFO] etf_quant: 已缓存 006479 净值 1908 条（最新 2026-09-01）
2026-09-04 11:45:56 [INFO] etf_quant: 已缓存 006075 净值 1975 条（最新 2026-09-01）
2026-09-04 11:45:57 [INFO] etf_quant: 已缓存 007801 净值 1723 条（最新 2026-09-02）
2026-09-04 11:45:58 [INFO] etf_quant: 已缓存 007301 净值 1751 条（最新 2026-09-02）
2026-09-04 11:46:00 [INFO] etf_quant: 已缓存 011613 净值 1317 条（最新 2026-09-02）
2026-09-04 11:46:00 [INFO] etf_quant: 回测结果已保存：/home/runner/work/etf-quant-auto/etf-quant-auto/data/signals/backtest_2026-09-04.json
2026-09-04 11:46:00 [INFO] etf_quant: 交易记录已保存：/home/runner/work/etf-quant-auto/etf-quant-auto/data/trades/backtest_20260904_114600.json（196 笔）
2026-09-04 11:46:00 [INFO] etf_quant: 回测完成：胜率 65.3% / 均笔 +1.61% / 回撤 5.9% / 交易 196 笔
2026-09-04 11:46:00 [INFO] etf_quant: 信号已保存：/home/runner/work/etf-quant-auto/etf-quant-auto/data/signals/2026-09-04.json（8 条）
2026-09-04 11:46:00 [INFO] etf_quant: 实盘信号完成：共 8 只标的，其中买入信号 0 只
2026-09-04 11:46:01 [INFO] etf_quant: 已缓存 024418 净值 239 条（最新 2026-09-02）
2026-09-04 11:46:02 [INFO] etf_quant: 已缓存 017997 净值 847 条（最新 2026-09-02）
2026-09-04 11:46:03 [INFO] etf_quant: 已缓存 007531 净值 1760 条（最新 2026-09-02）
2026-09-04 11:46:06 [INFO] etf_quant: 已缓存 020640 净值 608 条（最新 2026-09-02）
2026-09-04 11:46:06 [INFO] etf_quant: 持仓提醒完成：3 条（卖出 2 / 加仓 1）
2026-09-04 11:46:06 [INFO] etf_quant: 报告已保存：/home/runner/work/etf-quant-auto/etf-quant-auto/data/signals/report_latest.md
2026-09-04 11:46:06 [INFO] etf_quant: ============================================================
2026-09-04 11:46:06 [INFO] etf_quant: 本次运行结束
