2026-09-28 14:31:54 [INFO] etf_quant: ============================================================
2026-09-28 14:31:54 [INFO] etf_quant: ETF 量化自动化系统启动（2026-09-28 14:31:54）
2026-09-28 14:31:54 [INFO] etf_quant: 运行时间配置 14:45 / 时区 Asia/Shanghai
2026-09-28 14:31:55 [INFO] etf_quant: 已缓存 004348 净值 2337 条（最新 2026-09-23）
2026-09-28 14:31:56 [INFO] etf_quant: 已缓存 001593 净值 2737 条（最新 2026-09-27）
2026-09-28 14:31:57 [INFO] etf_quant: 已缓存 005733 净值 2084 条（最新 2026-09-27）
2026-09-28 14:31:57 [INFO] etf_quant: 已缓存 006479 净值 1923 条（最新 2026-09-22）
2026-09-28 14:31:58 [INFO] etf_quant: 已缓存 006075 净值 1991 条（最新 2026-09-23）
2026-09-28 14:31:59 [INFO] etf_quant: 已缓存 007801 净值 1739 条（最新 2026-09-27）
2026-09-28 14:31:59 [INFO] etf_quant: 已缓存 007301 净值 1766 条（最新 2026-09-23）
2026-09-28 14:32:00 [INFO] etf_quant: 已缓存 011613 净值 1333 条（最新 2026-09-27）
2026-09-28 14:32:00 [INFO] etf_quant: 回测结果已保存：/home/runner/work/etf-quant-auto/etf-quant-auto/data/signals/backtest_2026-09-28.json
2026-09-28 14:32:00 [INFO] etf_quant: 交易记录已保存：/home/runner/work/etf-quant-auto/etf-quant-auto/data/trades/backtest_20260928_143200.json（199 笔）
2026-09-28 14:32:00 [INFO] etf_quant: 回测完成：胜率 64.3% / 均笔 +1.52% / 回撤 6.0% / 交易 199 笔
2026-09-28 14:32:00 [INFO] etf_quant: 信号已保存：/home/runner/work/etf-quant-auto/etf-quant-auto/data/signals/2026-09-28.json（8 条）
2026-09-28 14:32:00 [INFO] etf_quant: 实盘信号完成：共 8 只标的，其中买入信号 1 只
2026-09-28 14:32:00 [INFO] etf_quant: 已缓存 024418 净值 255 条（最新 2026-09-27）
2026-09-28 14:32:01 [INFO] etf_quant: 已缓存 017997 净值 863 条（最新 2026-09-27）
2026-09-28 14:32:01 [INFO] etf_quant: 已缓存 007531 净值 1776 条（最新 2026-09-27）
2026-09-28 14:32:03 [INFO] etf_quant: 已缓存 020640 净值 624 条（最新 2026-09-27）
2026-09-28 14:32:03 [INFO] etf_quant: 持仓提醒完成：5 条（卖出 4 / 加仓 1）
2026-09-28 14:32:03 [INFO] etf_quant: 报告已保存：/home/runner/work/etf-quant-auto/etf-quant-auto/data/signals/report_latest.md
2026-09-28 14:32:03 [INFO] etf_quant: ============================================================
2026-09-28 14:32:03 [INFO] etf_quant: 本次运行结束
