2026-08-14 08:02:45 [INFO] etf_quant: ============================================================
2026-08-14 08:02:45 [INFO] etf_quant: ETF 量化自动化系统启动（2026-08-14 08:02:45）
2026-08-14 08:02:45 [INFO] etf_quant: 运行时间配置 14:45 / 时区 Asia/Shanghai
2026-08-14 08:02:46 [INFO] etf_quant: 已缓存 004348 净值 2307 条（最新 2026-08-12）
2026-08-14 08:02:46 [INFO] etf_quant: 已缓存 001593 净值 2706 条（最新 2026-08-12）
2026-08-14 08:02:47 [INFO] etf_quant: 已缓存 005733 净值 2053 条（最新 2026-08-12）
2026-08-14 08:02:48 [INFO] etf_quant: 已缓存 006479 净值 1893 条（最新 2026-08-11）
2026-08-14 08:02:48 [INFO] etf_quant: 已缓存 006075 净值 1960 条（最新 2026-08-11）
2026-08-14 08:02:52 [INFO] etf_quant: 已缓存 007801 净值 1708 条（最新 2026-08-12）
2026-08-14 08:02:53 [INFO] etf_quant: 已缓存 007301 净值 1736 条（最新 2026-08-12）
2026-08-14 08:02:53 [INFO] etf_quant: 已缓存 011613 净值 1302 条（最新 2026-08-12）
2026-08-14 08:02:53 [INFO] etf_quant: 回测结果已保存：/home/runner/work/etf-quant-auto/etf-quant-auto/data/signals/backtest_2026-08-14.json
2026-08-14 08:02:53 [INFO] etf_quant: 交易记录已保存：/home/runner/work/etf-quant-auto/etf-quant-auto/data/trades/backtest_20260814_080253.json（194 笔）
2026-08-14 08:02:53 [INFO] etf_quant: 回测完成：胜率 66.0% / 均笔 +1.64% / 回撤 5.8% / 交易 194 笔
2026-08-14 08:02:53 [INFO] etf_quant: 信号已保存：/home/runner/work/etf-quant-auto/etf-quant-auto/data/signals/2026-08-14.json（8 条）
2026-08-14 08:02:53 [INFO] etf_quant: 实盘信号完成：共 8 只标的，其中买入信号 1 只
2026-08-14 08:02:53 [INFO] etf_quant: 已缓存 024418 净值 224 条（最新 2026-08-12）
2026-08-14 08:02:54 [INFO] etf_quant: 已缓存 017997 净值 832 条（最新 2026-08-12）
2026-08-14 08:02:56 [INFO] etf_quant: 已缓存 007531 净值 1745 条（最新 2026-08-12）
2026-08-14 08:02:58 [INFO] etf_quant: 已缓存 020640 净值 593 条（最新 2026-08-12）
2026-08-14 08:02:58 [INFO] etf_quant: 持仓提醒完成：1 条（卖出 0 / 加仓 1）
2026-08-14 08:02:58 [INFO] etf_quant: 报告已保存：/home/runner/work/etf-quant-auto/etf-quant-auto/data/signals/report_latest.md
2026-08-14 08:02:58 [INFO] etf_quant: ============================================================
2026-08-14 08:02:58 [INFO] etf_quant: 本次运行结束
