2026-08-31 14:27:18 [INFO] etf_quant: ============================================================
2026-08-31 14:27:18 [INFO] etf_quant: ETF 量化自动化系统启动（2026-08-31 14:27:18）
2026-08-31 14:27:18 [INFO] etf_quant: 运行时间配置 14:45 / 时区 Asia/Shanghai
2026-08-31 14:27:20 [INFO] etf_quant: 已缓存 004348 净值 2319 条（最新 2026-08-30）
2026-08-31 14:27:21 [INFO] etf_quant: 已缓存 001593 净值 2718 条（最新 2026-08-30）
2026-08-31 14:27:22 [INFO] etf_quant: 已缓存 005733 净值 2065 条（最新 2026-08-30）
2026-08-31 14:27:22 [INFO] etf_quant: 已缓存 006479 净值 1905 条（最新 2026-08-27）
2026-08-31 14:27:23 [INFO] etf_quant: 已缓存 006075 净值 1972 条（最新 2026-08-27）
2026-08-31 14:27:24 [INFO] etf_quant: 已缓存 007801 净值 1720 条（最新 2026-08-30）
2026-08-31 14:27:25 [INFO] etf_quant: 已缓存 007301 净值 1748 条（最新 2026-08-30）
2026-08-31 14:27:26 [INFO] etf_quant: 已缓存 011613 净值 1314 条（最新 2026-08-30）
2026-08-31 14:27:26 [INFO] etf_quant: 回测结果已保存：/home/runner/work/etf-quant-auto/etf-quant-auto/data/signals/backtest_2026-08-31.json
2026-08-31 14:27:26 [INFO] etf_quant: 交易记录已保存：/home/runner/work/etf-quant-auto/etf-quant-auto/data/trades/backtest_20260831_142726.json（195 笔）
2026-08-31 14:27:26 [INFO] etf_quant: 回测完成：胜率 65.6% / 均笔 +1.63% / 回撤 5.8% / 交易 195 笔
2026-08-31 14:27:26 [INFO] etf_quant: 信号已保存：/home/runner/work/etf-quant-auto/etf-quant-auto/data/signals/2026-08-31.json（8 条）
2026-08-31 14:27:26 [INFO] etf_quant: 实盘信号完成：共 8 只标的，其中买入信号 0 只
2026-08-31 14:27:26 [INFO] etf_quant: 已缓存 024418 净值 236 条（最新 2026-08-30）
2026-08-31 14:27:27 [INFO] etf_quant: 已缓存 017997 净值 844 条（最新 2026-08-30）
2026-08-31 14:27:28 [INFO] etf_quant: 已缓存 007531 净值 1757 条（最新 2026-08-30）
2026-08-31 14:27:30 [INFO] etf_quant: 已缓存 020640 净值 605 条（最新 2026-08-30）
2026-08-31 14:27:30 [INFO] etf_quant: 持仓提醒完成：3 条（卖出 1 / 加仓 2）
2026-08-31 14:27:30 [INFO] etf_quant: 报告已保存：/home/runner/work/etf-quant-auto/etf-quant-auto/data/signals/report_latest.md
2026-08-31 14:27:30 [INFO] etf_quant: ============================================================
2026-08-31 14:27:30 [INFO] etf_quant: 本次运行结束
