2026-09-15 12:11:07 [INFO] etf_quant: ============================================================
2026-09-15 12:11:07 [INFO] etf_quant: ETF 量化自动化系统启动（2026-09-15 12:11:07）
2026-09-15 12:11:07 [INFO] etf_quant: 运行时间配置 14:45 / 时区 Asia/Shanghai
2026-09-15 12:11:08 [INFO] etf_quant: 已缓存 004348 净值 2329 条（最新 2026-09-13）
2026-09-15 12:11:10 [INFO] etf_quant: 已缓存 001593 净值 2729 条（最新 2026-09-14）
2026-09-15 12:11:11 [INFO] etf_quant: 已缓存 005733 净值 2075 条（最新 2026-09-13）
2026-09-15 12:11:12 [INFO] etf_quant: 已缓存 006479 净值 1915 条（最新 2026-09-10）
2026-09-15 12:11:13 [INFO] etf_quant: 已缓存 006075 净值 1983 条（最新 2026-09-13）
2026-09-15 12:11:15 [INFO] etf_quant: 已缓存 007801 净值 1730 条（最新 2026-09-13）
2026-09-15 12:11:16 [INFO] etf_quant: 已缓存 007301 净值 1758 条（最新 2026-09-13）
2026-09-15 12:11:17 [INFO] etf_quant: 已缓存 011613 净值 1324 条（最新 2026-09-13）
2026-09-15 12:11:17 [INFO] etf_quant: 回测结果已保存：/home/runner/work/etf-quant-auto/etf-quant-auto/data/signals/backtest_2026-09-15.json
2026-09-15 12:11:17 [INFO] etf_quant: 交易记录已保存：/home/runner/work/etf-quant-auto/etf-quant-auto/data/trades/backtest_20260915_121117.json（199 笔）
2026-09-15 12:11:17 [INFO] etf_quant: 回测完成：胜率 64.3% / 均笔 +1.52% / 回撤 6.0% / 交易 199 笔
2026-09-15 12:11:17 [INFO] etf_quant: 信号已保存：/home/runner/work/etf-quant-auto/etf-quant-auto/data/signals/2026-09-15.json（8 条）
2026-09-15 12:11:17 [INFO] etf_quant: 实盘信号完成：共 8 只标的，其中买入信号 0 只
2026-09-15 12:11:18 [INFO] etf_quant: 已缓存 024418 净值 247 条（最新 2026-09-14）
2026-09-15 12:11:19 [INFO] etf_quant: 已缓存 017997 净值 854 条（最新 2026-09-13）
2026-09-15 12:11:21 [INFO] etf_quant: 已缓存 007531 净值 1767 条（最新 2026-09-13）
2026-09-15 12:11:21 [INFO] etf_quant: 已缓存 020640 净值 615 条（最新 2026-09-13）
2026-09-15 12:11:21 [INFO] etf_quant: 持仓提醒完成：2 条（卖出 2 / 加仓 0）
2026-09-15 12:11:21 [INFO] etf_quant: 报告已保存：/home/runner/work/etf-quant-auto/etf-quant-auto/data/signals/report_latest.md
2026-09-15 12:11:21 [INFO] etf_quant: ============================================================
2026-09-15 12:11:21 [INFO] etf_quant: 本次运行结束
