2026-09-08 11:45:34 [INFO] etf_quant: ============================================================
2026-09-08 11:45:34 [INFO] etf_quant: ETF 量化自动化系统启动（2026-09-08 11:45:34）
2026-09-08 11:45:34 [INFO] etf_quant: 运行时间配置 14:45 / 时区 Asia/Shanghai
2026-09-08 11:45:35 [INFO] etf_quant: 已缓存 004348 净值 2324 条（最新 2026-09-06）
2026-09-08 11:45:37 [INFO] etf_quant: 已缓存 001593 净值 2723 条（最新 2026-09-06）
2026-09-08 11:45:38 [INFO] etf_quant: 已缓存 005733 净值 2070 条（最新 2026-09-06）
2026-09-08 11:45:39 [INFO] etf_quant: 已缓存 006479 净值 1910 条（最新 2026-09-03）
2026-09-08 11:45:39 [INFO] etf_quant: 已缓存 006075 净值 1978 条（最新 2026-09-06）
2026-09-08 11:45:42 [INFO] etf_quant: 已缓存 007801 净值 1725 条（最新 2026-09-06）
2026-09-08 11:45:42 [INFO] etf_quant: 已缓存 007301 净值 1753 条（最新 2026-09-06）
2026-09-08 11:45:44 [INFO] etf_quant: 已缓存 011613 净值 1319 条（最新 2026-09-06）
2026-09-08 11:45:44 [INFO] etf_quant: 回测结果已保存：/home/runner/work/etf-quant-auto/etf-quant-auto/data/signals/backtest_2026-09-08.json
2026-09-08 11:45:44 [INFO] etf_quant: 交易记录已保存：/home/runner/work/etf-quant-auto/etf-quant-auto/data/trades/backtest_20260908_114544.json（199 笔）
2026-09-08 11:45:44 [INFO] etf_quant: 回测完成：胜率 64.3% / 均笔 +1.52% / 回撤 6.0% / 交易 199 笔
2026-09-08 11:45:44 [INFO] etf_quant: 信号已保存：/home/runner/work/etf-quant-auto/etf-quant-auto/data/signals/2026-09-08.json（8 条）
2026-09-08 11:45:44 [INFO] etf_quant: 实盘信号完成：共 8 只标的，其中买入信号 1 只
2026-09-08 11:45:45 [INFO] etf_quant: 已缓存 024418 净值 241 条（最新 2026-09-06）
2026-09-08 11:45:46 [INFO] etf_quant: 已缓存 017997 净值 849 条（最新 2026-09-06）
2026-09-08 11:45:47 [INFO] etf_quant: 已缓存 007531 净值 1762 条（最新 2026-09-06）
2026-09-08 11:45:48 [INFO] etf_quant: 已缓存 020640 净值 610 条（最新 2026-09-06）
2026-09-08 11:45:48 [INFO] etf_quant: 持仓提醒完成：3 条（卖出 2 / 加仓 1）
2026-09-08 11:45:48 [INFO] etf_quant: 报告已保存：/home/runner/work/etf-quant-auto/etf-quant-auto/data/signals/report_latest.md
2026-09-08 11:45:48 [INFO] etf_quant: ============================================================
2026-09-08 11:45:48 [INFO] etf_quant: 本次运行结束
