2026-09-03 11:44:25 [INFO] etf_quant: ============================================================
2026-09-03 11:44:25 [INFO] etf_quant: ETF 量化自动化系统启动（2026-09-03 11:44:25）
2026-09-03 11:44:25 [INFO] etf_quant: 运行时间配置 14:45 / 时区 Asia/Shanghai
2026-09-03 11:44:26 [INFO] etf_quant: 已缓存 004348 净值 2321 条（最新 2026-09-01）
2026-09-03 11:44:29 [INFO] etf_quant: 已缓存 001593 净值 2720 条（最新 2026-09-01）
2026-09-03 11:44:35 [INFO] etf_quant: 已缓存 005733 净值 2067 条（最新 2026-09-01）
2026-09-03 11:44:36 [INFO] etf_quant: 已缓存 006479 净值 1908 条（最新 2026-09-01）
2026-09-03 11:44:37 [INFO] etf_quant: 已缓存 006075 净值 1975 条（最新 2026-09-01）
2026-09-03 11:44:39 [INFO] etf_quant: 已缓存 007801 净值 1722 条（最新 2026-09-01）
2026-09-03 11:44:39 [INFO] etf_quant: 已缓存 007301 净值 1750 条（最新 2026-09-01）
2026-09-03 11:44:41 [INFO] etf_quant: 已缓存 011613 净值 1316 条（最新 2026-09-01）
2026-09-03 11:44:41 [INFO] etf_quant: 回测结果已保存：/home/runner/work/etf-quant-auto/etf-quant-auto/data/signals/backtest_2026-09-03.json
2026-09-03 11:44:41 [INFO] etf_quant: 交易记录已保存：/home/runner/work/etf-quant-auto/etf-quant-auto/data/trades/backtest_20260903_114441.json（196 笔）
2026-09-03 11:44:41 [INFO] etf_quant: 回测完成：胜率 65.3% / 均笔 +1.61% / 回撤 5.9% / 交易 196 笔
2026-09-03 11:44:41 [INFO] etf_quant: 信号已保存：/home/runner/work/etf-quant-auto/etf-quant-auto/data/signals/2026-09-03.json（8 条）
2026-09-03 11:44:41 [INFO] etf_quant: 实盘信号完成：共 8 只标的，其中买入信号 0 只
2026-09-03 11:44:42 [INFO] etf_quant: 已缓存 024418 净值 238 条（最新 2026-09-01）
2026-09-03 11:44:44 [INFO] etf_quant: 已缓存 017997 净值 846 条（最新 2026-09-01）
2026-09-03 11:44:46 [INFO] etf_quant: 已缓存 007531 净值 1760 条（最新 2026-09-02）
2026-09-03 11:44:47 [INFO] etf_quant: 已缓存 020640 净值 608 条（最新 2026-09-02）
2026-09-03 11:44:47 [INFO] etf_quant: 持仓提醒完成：3 条（卖出 2 / 加仓 1）
2026-09-03 11:44:47 [INFO] etf_quant: 报告已保存：/home/runner/work/etf-quant-auto/etf-quant-auto/data/signals/report_latest.md
2026-09-03 11:44:47 [INFO] etf_quant: ============================================================
2026-09-03 11:44:47 [INFO] etf_quant: 本次运行结束
