2026-08-13 08:09:38 [INFO] etf_quant: ============================================================
2026-08-13 08:09:38 [INFO] etf_quant: ETF 量化自动化系统启动（2026-08-13 08:09:38）
2026-08-13 08:09:38 [INFO] etf_quant: 运行时间配置 14:45 / 时区 Asia/Shanghai
2026-08-13 08:09:39 [INFO] etf_quant: 已缓存 004348 净值 2306 条（最新 2026-08-11）
2026-08-13 08:09:40 [INFO] etf_quant: 已缓存 001593 净值 2705 条（最新 2026-08-11）
2026-08-13 08:09:42 [INFO] etf_quant: 已缓存 005733 净值 2052 条（最新 2026-08-11）
2026-08-13 08:09:42 [INFO] etf_quant: 已缓存 006479 净值 1892 条（最新 2026-08-10）
2026-08-13 08:09:43 [INFO] etf_quant: 已缓存 006075 净值 1959 条（最新 2026-08-10）
2026-08-13 08:09:43 [INFO] etf_quant: 已缓存 007801 净值 1707 条（最新 2026-08-11）
2026-08-13 08:09:43 [INFO] etf_quant: 已缓存 007301 净值 1735 条（最新 2026-08-11）
2026-08-13 08:09:44 [INFO] etf_quant: 已缓存 011613 净值 1301 条（最新 2026-08-11）
2026-08-13 08:09:44 [INFO] etf_quant: 回测结果已保存：/home/runner/work/etf-quant-auto/etf-quant-auto/data/signals/backtest_2026-08-13.json
2026-08-13 08:09:44 [INFO] etf_quant: 交易记录已保存：/home/runner/work/etf-quant-auto/etf-quant-auto/data/trades/backtest_20260813_080944.json（194 笔）
2026-08-13 08:09:44 [INFO] etf_quant: 回测完成：胜率 66.0% / 均笔 +1.64% / 回撤 5.8% / 交易 194 笔
2026-08-13 08:09:44 [INFO] etf_quant: 信号已保存：/home/runner/work/etf-quant-auto/etf-quant-auto/data/signals/2026-08-13.json（8 条）
2026-08-13 08:09:44 [INFO] etf_quant: 实盘信号完成：共 8 只标的，其中买入信号 0 只
2026-08-13 08:09:46 [ERROR] etf_quant: 邮件发送失败：(535, b'Error: authentication failed')
2026-08-13 08:09:46 [INFO] etf_quant: ============================================================
2026-08-13 08:09:46 [INFO] etf_quant: 本次运行结束
2026-08-13 08:33:52 [INFO] etf_quant: ============================================================
2026-08-13 08:33:52 [INFO] etf_quant: ETF 量化自动化系统启动（2026-08-13 08:33:52）
2026-08-13 08:33:52 [INFO] etf_quant: 运行时间配置 14:45 / 时区 Asia/Shanghai
2026-08-13 08:33:53 [INFO] etf_quant: 已缓存 004348 净值 2306 条（最新 2026-08-11）
2026-08-13 08:33:54 [INFO] etf_quant: 已缓存 001593 净值 2705 条（最新 2026-08-11）
2026-08-13 08:33:55 [INFO] etf_quant: 已缓存 005733 净值 2052 条（最新 2026-08-11）
2026-08-13 08:33:55 [INFO] etf_quant: 已缓存 006479 净值 1892 条（最新 2026-08-10）
2026-08-13 08:33:56 [INFO] etf_quant: 已缓存 006075 净值 1959 条（最新 2026-08-10）
2026-08-13 08:33:57 [INFO] etf_quant: 已缓存 007801 净值 1707 条（最新 2026-08-11）
2026-08-13 08:33:59 [INFO] etf_quant: 已缓存 007301 净值 1735 条（最新 2026-08-11）
2026-08-13 08:34:01 [INFO] etf_quant: 已缓存 011613 净值 1301 条（最新 2026-08-11）
2026-08-13 08:34:01 [INFO] etf_quant: 回测结果已保存：/home/runner/work/etf-quant-auto/etf-quant-auto/data/signals/backtest_2026-08-13.json
2026-08-13 08:34:01 [INFO] etf_quant: 交易记录已保存：/home/runner/work/etf-quant-auto/etf-quant-auto/data/trades/backtest_20260813_083401.json（194 笔）
2026-08-13 08:34:01 [INFO] etf_quant: 回测完成：胜率 66.0% / 均笔 +1.64% / 回撤 5.8% / 交易 194 笔
2026-08-13 08:34:01 [INFO] etf_quant: 信号已保存：/home/runner/work/etf-quant-auto/etf-quant-auto/data/signals/2026-08-13.json（8 条）
2026-08-13 08:34:01 [INFO] etf_quant: 实盘信号完成：共 8 只标的，其中买入信号 0 只
2026-08-13 08:34:04 [INFO] etf_quant: 邮件已发送 -> fmmujf@163.com
2026-08-13 08:34:04 [INFO] etf_quant: ============================================================
2026-08-13 08:34:04 [INFO] etf_quant: 本次运行结束
