2026-09-16 12:08:27 [INFO] etf_quant: ============================================================
2026-09-16 12:08:27 [INFO] etf_quant: ETF 量化自动化系统启动（2026-09-16 12:08:27）
2026-09-16 12:08:27 [INFO] etf_quant: 运行时间配置 14:45 / 时区 Asia/Shanghai
2026-09-16 12:08:29 [INFO] etf_quant: 已缓存 004348 净值 2330 条（最新 2026-09-14）
2026-09-16 12:08:30 [INFO] etf_quant: 已缓存 001593 净值 2729 条（最新 2026-09-14）
2026-09-16 12:08:38 [INFO] etf_quant: 已缓存 005733 净值 2076 条（最新 2026-09-14）
2026-09-16 12:08:38 [INFO] etf_quant: 已缓存 006479 净值 1916 条（最新 2026-09-13）
2026-09-16 12:08:39 [INFO] etf_quant: 已缓存 006075 净值 1984 条（最新 2026-09-14）
2026-09-16 12:08:42 [INFO] etf_quant: 已缓存 007801 净值 1731 条（最新 2026-09-14）
2026-09-16 12:08:44 [INFO] etf_quant: 已缓存 007301 净值 1759 条（最新 2026-09-14）
2026-09-16 12:08:45 [INFO] etf_quant: 已缓存 011613 净值 1325 条（最新 2026-09-14）
2026-09-16 12:08:45 [INFO] etf_quant: 回测结果已保存：/home/runner/work/etf-quant-auto/etf-quant-auto/data/signals/backtest_2026-09-16.json
2026-09-16 12:08:45 [INFO] etf_quant: 交易记录已保存：/home/runner/work/etf-quant-auto/etf-quant-auto/data/trades/backtest_20260916_120845.json（199 笔）
2026-09-16 12:08:45 [INFO] etf_quant: 回测完成：胜率 64.3% / 均笔 +1.52% / 回撤 6.0% / 交易 199 笔
2026-09-16 12:08:45 [INFO] etf_quant: 信号已保存：/home/runner/work/etf-quant-auto/etf-quant-auto/data/signals/2026-09-16.json（8 条）
2026-09-16 12:08:45 [INFO] etf_quant: 实盘信号完成：共 8 只标的，其中买入信号 0 只
2026-09-16 12:08:46 [INFO] etf_quant: 已缓存 024418 净值 248 条（最新 2026-09-15）
2026-09-16 12:08:48 [INFO] etf_quant: 已缓存 017997 净值 855 条（最新 2026-09-14）
2026-09-16 12:08:49 [INFO] etf_quant: 已缓存 007531 净值 1768 条（最新 2026-09-14）
2026-09-16 12:08:49 [INFO] etf_quant: 已缓存 020640 净值 616 条（最新 2026-09-14）
2026-09-16 12:08:49 [INFO] etf_quant: 持仓提醒完成：2 条（卖出 1 / 加仓 1）
2026-09-16 12:08:49 [INFO] etf_quant: 报告已保存：/home/runner/work/etf-quant-auto/etf-quant-auto/data/signals/report_latest.md
2026-09-16 12:08:49 [INFO] etf_quant: ============================================================
2026-09-16 12:08:49 [INFO] etf_quant: 本次运行结束
