2026-09-09 11:54:42 [INFO] etf_quant: ============================================================
2026-09-09 11:54:42 [INFO] etf_quant: ETF 量化自动化系统启动（2026-09-09 11:54:42）
2026-09-09 11:54:42 [INFO] etf_quant: 运行时间配置 14:45 / 时区 Asia/Shanghai
2026-09-09 11:54:44 [INFO] etf_quant: 已缓存 004348 净值 2325 条（最新 2026-09-07）
2026-09-09 11:54:45 [INFO] etf_quant: 已缓存 001593 净值 2724 条（最新 2026-09-07）
2026-09-09 11:54:46 [INFO] etf_quant: 已缓存 005733 净值 2071 条（最新 2026-09-07）
2026-09-09 11:54:46 [INFO] etf_quant: 已缓存 006479 净值 1911 条（最新 2026-09-06）
2026-09-09 11:54:47 [INFO] etf_quant: 已缓存 006075 净值 1979 条（最新 2026-09-07）
2026-09-09 11:54:49 [INFO] etf_quant: 已缓存 007801 净值 1726 条（最新 2026-09-07）
2026-09-09 11:54:50 [INFO] etf_quant: 已缓存 007301 净值 1754 条（最新 2026-09-07）
2026-09-09 11:54:51 [INFO] etf_quant: 已缓存 011613 净值 1321 条（最新 2026-09-08）
2026-09-09 11:54:51 [INFO] etf_quant: 回测结果已保存：/home/runner/work/etf-quant-auto/etf-quant-auto/data/signals/backtest_2026-09-09.json
2026-09-09 11:54:51 [INFO] etf_quant: 交易记录已保存：/home/runner/work/etf-quant-auto/etf-quant-auto/data/trades/backtest_20260909_115451.json（199 笔）
2026-09-09 11:54:51 [INFO] etf_quant: 回测完成：胜率 64.3% / 均笔 +1.52% / 回撤 6.0% / 交易 199 笔
2026-09-09 11:54:51 [INFO] etf_quant: 信号已保存：/home/runner/work/etf-quant-auto/etf-quant-auto/data/signals/2026-09-09.json（8 条）
2026-09-09 11:54:51 [INFO] etf_quant: 实盘信号完成：共 8 只标的，其中买入信号 0 只
2026-09-09 11:54:51 [INFO] etf_quant: 已缓存 024418 净值 242 条（最新 2026-09-07）
2026-09-09 11:54:56 [INFO] etf_quant: 已缓存 017997 净值 850 条（最新 2026-09-07）
2026-09-09 11:54:57 [INFO] etf_quant: 已缓存 007531 净值 1763 条（最新 2026-09-07）
2026-09-09 11:54:58 [INFO] etf_quant: 已缓存 020640 净值 611 条（最新 2026-09-07）
2026-09-09 11:54:58 [INFO] etf_quant: 持仓提醒完成：4 条（卖出 3 / 加仓 1）
2026-09-09 11:54:58 [INFO] etf_quant: 报告已保存：/home/runner/work/etf-quant-auto/etf-quant-auto/data/signals/report_latest.md
2026-09-09 11:54:58 [INFO] etf_quant: ============================================================
2026-09-09 11:54:58 [INFO] etf_quant: 本次运行结束
