2026-08-20 07:28:07 [INFO] etf_quant: ============================================================
2026-08-20 07:28:07 [INFO] etf_quant: ETF 量化自动化系统启动（2026-08-20 07:28:07）
2026-08-20 07:28:07 [INFO] etf_quant: 运行时间配置 14:45 / 时区 Asia/Shanghai
2026-08-20 07:28:08 [INFO] etf_quant: 已缓存 004348 净值 2311 条（最新 2026-08-18）
2026-08-20 07:28:09 [INFO] etf_quant: 已缓存 001593 净值 2710 条（最新 2026-08-18）
2026-08-20 07:28:11 [INFO] etf_quant: 已缓存 005733 净值 2057 条（最新 2026-08-18）
2026-08-20 07:28:11 [INFO] etf_quant: 已缓存 006479 净值 1897 条（最新 2026-08-17）
2026-08-20 07:28:12 [INFO] etf_quant: 已缓存 006075 净值 1964 条（最新 2026-08-17）
2026-08-20 07:28:14 [INFO] etf_quant: 已缓存 007801 净值 1712 条（最新 2026-08-18）
2026-08-20 07:28:14 [INFO] etf_quant: 已缓存 007301 净值 1740 条（最新 2026-08-18）
2026-08-20 07:28:14 [INFO] etf_quant: 已缓存 011613 净值 1306 条（最新 2026-08-18）
2026-08-20 07:28:14 [INFO] etf_quant: 回测结果已保存：/home/runner/work/etf-quant-auto/etf-quant-auto/data/signals/backtest_2026-08-20.json
2026-08-20 07:28:14 [INFO] etf_quant: 交易记录已保存：/home/runner/work/etf-quant-auto/etf-quant-auto/data/trades/backtest_20260820_072814.json（194 笔）
2026-08-20 07:28:14 [INFO] etf_quant: 回测完成：胜率 66.0% / 均笔 +1.64% / 回撤 5.8% / 交易 194 笔
2026-08-20 07:28:14 [INFO] etf_quant: 信号已保存：/home/runner/work/etf-quant-auto/etf-quant-auto/data/signals/2026-08-20.json（8 条）
2026-08-20 07:28:14 [INFO] etf_quant: 实盘信号完成：共 8 只标的，其中买入信号 0 只
2026-08-20 07:28:15 [INFO] etf_quant: 已缓存 024418 净值 228 条（最新 2026-08-18）
2026-08-20 07:28:16 [INFO] etf_quant: 已缓存 017997 净值 836 条（最新 2026-08-18）
2026-08-20 07:28:17 [INFO] etf_quant: 已缓存 007531 净值 1749 条（最新 2026-08-18）
2026-08-20 07:28:18 [INFO] etf_quant: 已缓存 020640 净值 597 条（最新 2026-08-18）
2026-08-20 07:28:18 [INFO] etf_quant: 持仓提醒完成：2 条（卖出 1 / 加仓 1）
2026-08-20 07:28:18 [INFO] etf_quant: 报告已保存：/home/runner/work/etf-quant-auto/etf-quant-auto/data/signals/report_latest.md
2026-08-20 07:28:18 [INFO] etf_quant: ============================================================
2026-08-20 07:28:18 [INFO] etf_quant: 本次运行结束
