2026-08-18 07:24:58 [INFO] etf_quant: ============================================================
2026-08-18 07:24:58 [INFO] etf_quant: ETF 量化自动化系统启动（2026-08-18 07:24:58）
2026-08-18 07:24:58 [INFO] etf_quant: 运行时间配置 14:45 / 时区 Asia/Shanghai
2026-08-18 07:24:59 [INFO] etf_quant: 已缓存 004348 净值 2309 条（最新 2026-08-16）
2026-08-18 07:25:00 [INFO] etf_quant: 已缓存 001593 净值 2708 条（最新 2026-08-16）
2026-08-18 07:25:01 [INFO] etf_quant: 已缓存 005733 净值 2055 条（最新 2026-08-16）
2026-08-18 07:25:01 [INFO] etf_quant: 已缓存 006479 净值 1895 条（最新 2026-08-13）
2026-08-18 07:25:02 [INFO] etf_quant: 已缓存 006075 净值 1962 条（最新 2026-08-13）
2026-08-18 07:25:03 [INFO] etf_quant: 已缓存 007801 净值 1710 条（最新 2026-08-16）
2026-08-18 07:25:03 [INFO] etf_quant: 已缓存 007301 净值 1738 条（最新 2026-08-16）
2026-08-18 07:25:04 [INFO] etf_quant: 已缓存 011613 净值 1304 条（最新 2026-08-16）
2026-08-18 07:25:04 [INFO] etf_quant: 回测结果已保存：/home/runner/work/etf-quant-auto/etf-quant-auto/data/signals/backtest_2026-08-18.json
2026-08-18 07:25:04 [INFO] etf_quant: 交易记录已保存：/home/runner/work/etf-quant-auto/etf-quant-auto/data/trades/backtest_20260818_072504.json（194 笔）
2026-08-18 07:25:04 [INFO] etf_quant: 回测完成：胜率 66.0% / 均笔 +1.64% / 回撤 5.8% / 交易 194 笔
2026-08-18 07:25:04 [INFO] etf_quant: 信号已保存：/home/runner/work/etf-quant-auto/etf-quant-auto/data/signals/2026-08-18.json（8 条）
2026-08-18 07:25:04 [INFO] etf_quant: 实盘信号完成：共 8 只标的，其中买入信号 2 只
2026-08-18 07:25:04 [INFO] etf_quant: 已缓存 024418 净值 226 条（最新 2026-08-16）
2026-08-18 07:25:05 [INFO] etf_quant: 已缓存 017997 净值 834 条（最新 2026-08-16）
2026-08-18 07:25:07 [INFO] etf_quant: 已缓存 007531 净值 1747 条（最新 2026-08-16）
2026-08-18 07:25:07 [INFO] etf_quant: 已缓存 020640 净值 595 条（最新 2026-08-16）
2026-08-18 07:25:07 [INFO] etf_quant: 持仓提醒完成：2 条（卖出 0 / 加仓 2）
2026-08-18 07:25:07 [INFO] etf_quant: 报告已保存：/home/runner/work/etf-quant-auto/etf-quant-auto/data/signals/report_latest.md
2026-08-18 07:25:07 [INFO] etf_quant: ============================================================
2026-08-18 07:25:07 [INFO] etf_quant: 本次运行结束
