2026-09-10 11:51:24 [INFO] etf_quant: ============================================================
2026-09-10 11:51:24 [INFO] etf_quant: ETF 量化自动化系统启动（2026-09-10 11:51:24）
2026-09-10 11:51:24 [INFO] etf_quant: 运行时间配置 14:45 / 时区 Asia/Shanghai
2026-09-10 11:51:26 [INFO] etf_quant: 已缓存 004348 净值 2326 条（最新 2026-09-08）
2026-09-10 11:51:27 [INFO] etf_quant: 已缓存 001593 净值 2725 条（最新 2026-09-08）
2026-09-10 11:51:30 [INFO] etf_quant: 已缓存 005733 净值 2072 条（最新 2026-09-08）
2026-09-10 11:51:30 [INFO] etf_quant: 已缓存 006479 净值 1912 条（最新 2026-09-07）
2026-09-10 11:51:31 [INFO] etf_quant: 已缓存 006075 净值 1980 条（最新 2026-09-08）
2026-09-10 11:51:33 [INFO] etf_quant: 已缓存 007801 净值 1728 条（最新 2026-09-09）
2026-09-10 11:51:34 [INFO] etf_quant: 已缓存 007301 净值 1755 条（最新 2026-09-08）
2026-09-10 11:51:35 [INFO] etf_quant: 已缓存 011613 净值 1321 条（最新 2026-09-08）
2026-09-10 11:51:35 [INFO] etf_quant: 回测结果已保存：/home/runner/work/etf-quant-auto/etf-quant-auto/data/signals/backtest_2026-09-10.json
2026-09-10 11:51:35 [INFO] etf_quant: 交易记录已保存：/home/runner/work/etf-quant-auto/etf-quant-auto/data/trades/backtest_20260910_115135.json（199 笔）
2026-09-10 11:51:35 [INFO] etf_quant: 回测完成：胜率 64.3% / 均笔 +1.52% / 回撤 6.0% / 交易 199 笔
2026-09-10 11:51:35 [INFO] etf_quant: 信号已保存：/home/runner/work/etf-quant-auto/etf-quant-auto/data/signals/2026-09-10.json（8 条）
2026-09-10 11:51:35 [INFO] etf_quant: 实盘信号完成：共 8 只标的，其中买入信号 0 只
2026-09-10 11:51:37 [INFO] etf_quant: 已缓存 024418 净值 244 条（最新 2026-09-09）
2026-09-10 11:51:37 [INFO] etf_quant: 已缓存 017997 净值 851 条（最新 2026-09-08）
2026-09-10 11:51:39 [INFO] etf_quant: 已缓存 007531 净值 1765 条（最新 2026-09-09）
2026-09-10 11:51:39 [INFO] etf_quant: 已缓存 020640 净值 612 条（最新 2026-09-08）
2026-09-10 11:51:39 [INFO] etf_quant: 持仓提醒完成：3 条（卖出 2 / 加仓 1）
2026-09-10 11:51:39 [INFO] etf_quant: 报告已保存：/home/runner/work/etf-quant-auto/etf-quant-auto/data/signals/report_latest.md
2026-09-10 11:51:39 [INFO] etf_quant: ============================================================
2026-09-10 11:51:39 [INFO] etf_quant: 本次运行结束
