2026-08-24 07:45:02 [INFO] etf_quant: ============================================================
2026-08-24 07:45:02 [INFO] etf_quant: ETF 量化自动化系统启动（2026-08-24 07:45:02）
2026-08-24 07:45:02 [INFO] etf_quant: 运行时间配置 14:45 / 时区 Asia/Shanghai
2026-08-24 07:45:04 [INFO] etf_quant: 已缓存 004348 净值 2313 条（最新 2026-08-20）
2026-08-24 07:45:06 [INFO] etf_quant: 已缓存 001593 净值 2712 条（最新 2026-08-20）
2026-08-24 07:45:07 [INFO] etf_quant: 已缓存 005733 净值 2059 条（最新 2026-08-20）
2026-08-24 07:45:07 [INFO] etf_quant: 已缓存 006479 净值 1899 条（最新 2026-08-19）
2026-08-24 07:45:07 [INFO] etf_quant: 已缓存 006075 净值 1966 条（最新 2026-08-19）
2026-08-24 07:45:09 [INFO] etf_quant: 已缓存 007801 净值 1714 条（最新 2026-08-20）
2026-08-24 07:45:10 [INFO] etf_quant: 已缓存 007301 净值 1742 条（最新 2026-08-20）
2026-08-24 07:45:10 [INFO] etf_quant: 已缓存 011613 净值 1308 条（最新 2026-08-20）
2026-08-24 07:45:10 [INFO] etf_quant: 回测结果已保存：/home/runner/work/etf-quant-auto/etf-quant-auto/data/signals/backtest_2026-08-24.json
2026-08-24 07:45:10 [INFO] etf_quant: 交易记录已保存：/home/runner/work/etf-quant-auto/etf-quant-auto/data/trades/backtest_20260824_074510.json（194 笔）
2026-08-24 07:45:10 [INFO] etf_quant: 回测完成：胜率 66.0% / 均笔 +1.64% / 回撤 5.8% / 交易 194 笔
2026-08-24 07:45:10 [INFO] etf_quant: 信号已保存：/home/runner/work/etf-quant-auto/etf-quant-auto/data/signals/2026-08-24.json（8 条）
2026-08-24 07:45:10 [INFO] etf_quant: 实盘信号完成：共 8 只标的，其中买入信号 0 只
2026-08-24 07:45:11 [INFO] etf_quant: 已缓存 024418 净值 230 条（最新 2026-08-20）
2026-08-24 07:45:12 [INFO] etf_quant: 已缓存 017997 净值 838 条（最新 2026-08-20）
2026-08-24 07:45:14 [INFO] etf_quant: 已缓存 007531 净值 1751 条（最新 2026-08-20）
2026-08-24 07:45:14 [INFO] etf_quant: 已缓存 020640 净值 599 条（最新 2026-08-20）
2026-08-24 07:45:14 [INFO] etf_quant: 持仓提醒完成：2 条（卖出 0 / 加仓 2）
2026-08-24 07:45:14 [INFO] etf_quant: 报告已保存：/home/runner/work/etf-quant-auto/etf-quant-auto/data/signals/report_latest.md
2026-08-24 07:45:14 [INFO] etf_quant: ============================================================
2026-08-24 07:45:14 [INFO] etf_quant: 本次运行结束
