2026-09-21 13:22:40 [INFO] etf_quant: ============================================================
2026-09-21 13:22:40 [INFO] etf_quant: ETF 量化自动化系统启动（2026-09-21 13:22:40）
2026-09-21 13:22:40 [INFO] etf_quant: 运行时间配置 14:45 / 时区 Asia/Shanghai
2026-09-21 13:22:42 [INFO] etf_quant: 已缓存 004348 净值 2333 条（最新 2026-09-17）
2026-09-21 13:22:43 [INFO] etf_quant: 已缓存 001593 净值 2733 条（最新 2026-09-20）
2026-09-21 13:22:57 [INFO] etf_quant: 已缓存 005733 净值 2079 条（最新 2026-09-17）
2026-09-21 13:22:58 [INFO] etf_quant: 已缓存 006479 净值 1920 条（最新 2026-09-17）
2026-09-21 13:22:58 [INFO] etf_quant: 已缓存 006075 净值 1987 条（最新 2026-09-17）
2026-09-21 13:23:00 [INFO] etf_quant: 已缓存 007801 净值 1735 条（最新 2026-09-20）
2026-09-21 13:23:00 [INFO] etf_quant: 已缓存 007301 净值 1763 条（最新 2026-09-20）
2026-09-21 13:23:01 [INFO] etf_quant: 已缓存 011613 净值 1329 条（最新 2026-09-20）
2026-09-21 13:23:01 [INFO] etf_quant: 回测结果已保存：/home/runner/work/etf-quant-auto/etf-quant-auto/data/signals/backtest_2026-09-21.json
2026-09-21 13:23:01 [INFO] etf_quant: 交易记录已保存：/home/runner/work/etf-quant-auto/etf-quant-auto/data/trades/backtest_20260921_132301.json（199 笔）
2026-09-21 13:23:01 [INFO] etf_quant: 回测完成：胜率 64.3% / 均笔 +1.52% / 回撤 6.0% / 交易 199 笔
2026-09-21 13:23:01 [INFO] etf_quant: 信号已保存：/home/runner/work/etf-quant-auto/etf-quant-auto/data/signals/2026-09-21.json（8 条）
2026-09-21 13:23:01 [INFO] etf_quant: 实盘信号完成：共 8 只标的，其中买入信号 0 只
2026-09-21 13:23:01 [INFO] etf_quant: 已缓存 024418 净值 250 条（最新 2026-09-17）
2026-09-21 13:23:02 [INFO] etf_quant: 已缓存 017997 净值 858 条（最新 2026-09-17）
2026-09-21 13:23:04 [INFO] etf_quant: 已缓存 007531 净值 1772 条（最新 2026-09-20）
2026-09-21 13:23:05 [INFO] etf_quant: 已缓存 020640 净值 620 条（最新 2026-09-20）
2026-09-21 13:23:05 [INFO] etf_quant: 持仓提醒完成：2 条（卖出 0 / 加仓 2）
2026-09-21 13:23:05 [INFO] etf_quant: 报告已保存：/home/runner/work/etf-quant-auto/etf-quant-auto/data/signals/report_latest.md
2026-09-21 13:23:05 [INFO] etf_quant: ============================================================
2026-09-21 13:23:05 [INFO] etf_quant: 本次运行结束
