2026-09-25 12:18:21 [INFO] etf_quant: ============================================================
2026-09-25 12:18:21 [INFO] etf_quant: ETF 量化自动化系统启动（2026-09-25 12:18:21）
2026-09-25 12:18:21 [INFO] etf_quant: 运行时间配置 14:45 / 时区 Asia/Shanghai
2026-09-25 12:18:23 [INFO] etf_quant: 已缓存 004348 净值 2337 条（最新 2026-09-23）
2026-09-25 12:18:26 [INFO] etf_quant: 已缓存 001593 净值 2736 条（最新 2026-09-23）
2026-09-25 12:18:26 [INFO] etf_quant: 已缓存 005733 净值 2083 条（最新 2026-09-23）
2026-09-25 12:18:27 [INFO] etf_quant: 已缓存 006479 净值 1923 条（最新 2026-09-22）
2026-09-25 12:18:27 [INFO] etf_quant: 已缓存 006075 净值 1990 条（最新 2026-09-22）
2026-09-25 12:18:28 [INFO] etf_quant: 已缓存 007801 净值 1738 条（最新 2026-09-23）
2026-09-25 12:18:29 [INFO] etf_quant: 已缓存 007301 净值 1766 条（最新 2026-09-23）
2026-09-25 12:18:30 [INFO] etf_quant: 已缓存 011613 净值 1332 条（最新 2026-09-23）
2026-09-25 12:18:30 [INFO] etf_quant: 回测结果已保存：/home/runner/work/etf-quant-auto/etf-quant-auto/data/signals/backtest_2026-09-25.json
2026-09-25 12:18:30 [INFO] etf_quant: 交易记录已保存：/home/runner/work/etf-quant-auto/etf-quant-auto/data/trades/backtest_20260925_121830.json（199 笔）
2026-09-25 12:18:30 [INFO] etf_quant: 回测完成：胜率 64.3% / 均笔 +1.52% / 回撤 6.0% / 交易 199 笔
2026-09-25 12:18:30 [INFO] etf_quant: 信号已保存：/home/runner/work/etf-quant-auto/etf-quant-auto/data/signals/2026-09-25.json（8 条）
2026-09-25 12:18:30 [INFO] etf_quant: 实盘信号完成：共 8 只标的，其中买入信号 1 只
2026-09-25 12:18:31 [INFO] etf_quant: 已缓存 024418 净值 254 条（最新 2026-09-23）
2026-09-25 12:18:33 [INFO] etf_quant: 已缓存 017997 净值 862 条（最新 2026-09-23）
2026-09-25 12:18:34 [INFO] etf_quant: 已缓存 007531 净值 1775 条（最新 2026-09-23）
2026-09-25 12:18:34 [INFO] etf_quant: 已缓存 020640 净值 623 条（最新 2026-09-23）
2026-09-25 12:18:34 [INFO] etf_quant: 持仓提醒完成：2 条（卖出 1 / 加仓 1）
2026-09-25 12:18:34 [INFO] etf_quant: 报告已保存：/home/runner/work/etf-quant-auto/etf-quant-auto/data/signals/report_latest.md
2026-09-25 12:18:34 [INFO] etf_quant: ============================================================
2026-09-25 12:18:34 [INFO] etf_quant: 本次运行结束
