2026-09-02 11:44:36 [INFO] etf_quant: ============================================================
2026-09-02 11:44:36 [INFO] etf_quant: ETF 量化自动化系统启动（2026-09-02 11:44:36）
2026-09-02 11:44:36 [INFO] etf_quant: 运行时间配置 14:45 / 时区 Asia/Shanghai
2026-09-02 11:44:38 [INFO] etf_quant: 已缓存 004348 净值 2320 条（最新 2026-08-31）
2026-09-02 11:44:39 [INFO] etf_quant: 已缓存 001593 净值 2719 条（最新 2026-08-31）
2026-09-02 11:44:41 [INFO] etf_quant: 已缓存 005733 净值 2066 条（最新 2026-08-31）
2026-09-02 11:44:41 [INFO] etf_quant: 已缓存 006479 净值 1906 条（最新 2026-08-30）
2026-09-02 11:44:44 [INFO] etf_quant: 已缓存 006075 净值 1974 条（最新 2026-08-31）
2026-09-02 11:44:46 [INFO] etf_quant: 已缓存 007801 净值 1721 条（最新 2026-08-31）
2026-09-02 11:44:46 [INFO] etf_quant: 已缓存 007301 净值 1749 条（最新 2026-08-31）
2026-09-02 11:44:47 [INFO] etf_quant: 已缓存 011613 净值 1315 条（最新 2026-08-31）
2026-09-02 11:44:47 [INFO] etf_quant: 回测结果已保存：/home/runner/work/etf-quant-auto/etf-quant-auto/data/signals/backtest_2026-09-02.json
2026-09-02 11:44:47 [INFO] etf_quant: 交易记录已保存：/home/runner/work/etf-quant-auto/etf-quant-auto/data/trades/backtest_20260902_114447.json（195 笔）
2026-09-02 11:44:47 [INFO] etf_quant: 回测完成：胜率 65.6% / 均笔 +1.63% / 回撤 5.8% / 交易 195 笔
2026-09-02 11:44:47 [INFO] etf_quant: 信号已保存：/home/runner/work/etf-quant-auto/etf-quant-auto/data/signals/2026-09-02.json（8 条）
2026-09-02 11:44:47 [INFO] etf_quant: 实盘信号完成：共 8 只标的，其中买入信号 0 只
2026-09-02 11:44:48 [INFO] etf_quant: 已缓存 024418 净值 237 条（最新 2026-08-31）
2026-09-02 11:44:49 [INFO] etf_quant: 已缓存 017997 净值 845 条（最新 2026-08-31）
2026-09-02 11:44:50 [INFO] etf_quant: 已缓存 007531 净值 1758 条（最新 2026-08-31）
2026-09-02 11:44:52 [INFO] etf_quant: 已缓存 020640 净值 606 条（最新 2026-08-31）
2026-09-02 11:44:52 [INFO] etf_quant: 持仓提醒完成：今日无买卖信号
2026-09-02 11:44:52 [INFO] etf_quant: 报告已保存：/home/runner/work/etf-quant-auto/etf-quant-auto/data/signals/report_latest.md
2026-09-02 11:44:52 [INFO] etf_quant: ============================================================
2026-09-02 11:44:52 [INFO] etf_quant: 本次运行结束
