2026-09-24 12:16:09 [INFO] etf_quant: ============================================================
2026-09-24 12:16:09 [INFO] etf_quant: ETF 量化自动化系统启动（2026-09-24 12:16:09）
2026-09-24 12:16:09 [INFO] etf_quant: 运行时间配置 14:45 / 时区 Asia/Shanghai
2026-09-24 12:16:11 [INFO] etf_quant: 已缓存 004348 净值 2336 条（最新 2026-09-22）
2026-09-24 12:16:25 [INFO] etf_quant: 已缓存 001593 净值 2736 条（最新 2026-09-23）
2026-09-24 12:16:26 [INFO] etf_quant: 已缓存 005733 净值 2082 条（最新 2026-09-22）
2026-09-24 12:16:27 [INFO] etf_quant: 已缓存 006479 净值 1922 条（最新 2026-09-21）
2026-09-24 12:16:27 [INFO] etf_quant: 已缓存 006075 净值 1990 条（最新 2026-09-22）
2026-09-24 12:16:29 [INFO] etf_quant: 已缓存 007801 净值 1737 条（最新 2026-09-22）
2026-09-24 12:16:30 [INFO] etf_quant: 已缓存 007301 净值 1765 条（最新 2026-09-22）
2026-09-24 12:16:32 [INFO] etf_quant: 已缓存 011613 净值 1331 条（最新 2026-09-22）
2026-09-24 12:16:32 [INFO] etf_quant: 回测结果已保存：/home/runner/work/etf-quant-auto/etf-quant-auto/data/signals/backtest_2026-09-24.json
2026-09-24 12:16:32 [INFO] etf_quant: 交易记录已保存：/home/runner/work/etf-quant-auto/etf-quant-auto/data/trades/backtest_20260924_121632.json（199 笔）
2026-09-24 12:16:32 [INFO] etf_quant: 回测完成：胜率 64.3% / 均笔 +1.52% / 回撤 6.0% / 交易 199 笔
2026-09-24 12:16:32 [INFO] etf_quant: 信号已保存：/home/runner/work/etf-quant-auto/etf-quant-auto/data/signals/2026-09-24.json（8 条）
2026-09-24 12:16:32 [INFO] etf_quant: 实盘信号完成：共 8 只标的，其中买入信号 0 只
2026-09-24 12:16:33 [INFO] etf_quant: 已缓存 024418 净值 254 条（最新 2026-09-23）
2026-09-24 12:16:35 [INFO] etf_quant: 已缓存 017997 净值 861 条（最新 2026-09-22）
2026-09-24 12:16:37 [INFO] etf_quant: 已缓存 007531 净值 1774 条（最新 2026-09-22）
2026-09-24 12:16:37 [INFO] etf_quant: 已缓存 020640 净值 622 条（最新 2026-09-22）
2026-09-24 12:16:37 [INFO] etf_quant: 持仓提醒完成：1 条（卖出 0 / 加仓 1）
2026-09-24 12:16:37 [INFO] etf_quant: 报告已保存：/home/runner/work/etf-quant-auto/etf-quant-auto/data/signals/report_latest.md
2026-09-24 12:16:37 [INFO] etf_quant: ============================================================
2026-09-24 12:16:37 [INFO] etf_quant: 本次运行结束
