2026-09-17 12:08:28 [INFO] etf_quant: ============================================================
2026-09-17 12:08:28 [INFO] etf_quant: ETF 量化自动化系统启动（2026-09-17 12:08:28）
2026-09-17 12:08:28 [INFO] etf_quant: 运行时间配置 14:45 / 时区 Asia/Shanghai
2026-09-17 12:08:29 [INFO] etf_quant: 已缓存 004348 净值 2331 条（最新 2026-09-15）
2026-09-17 12:08:32 [INFO] etf_quant: 已缓存 001593 净值 2730 条（最新 2026-09-15）
2026-09-17 12:08:35 [INFO] etf_quant: 已缓存 005733 净值 2077 条（最新 2026-09-15）
2026-09-17 12:08:36 [INFO] etf_quant: 已缓存 006479 净值 1917 条（最新 2026-09-14）
2026-09-17 12:08:37 [INFO] etf_quant: 已缓存 006075 净值 1985 条（最新 2026-09-15）
2026-09-17 12:08:39 [INFO] etf_quant: 已缓存 007801 净值 1732 条（最新 2026-09-15）
2026-09-17 12:08:40 [INFO] etf_quant: 已缓存 007301 净值 1760 条（最新 2026-09-15）
2026-09-17 12:08:42 [INFO] etf_quant: 已缓存 011613 净值 1326 条（最新 2026-09-15）
2026-09-17 12:08:42 [INFO] etf_quant: 回测结果已保存：/home/runner/work/etf-quant-auto/etf-quant-auto/data/signals/backtest_2026-09-17.json
2026-09-17 12:08:42 [INFO] etf_quant: 交易记录已保存：/home/runner/work/etf-quant-auto/etf-quant-auto/data/trades/backtest_20260917_120842.json（199 笔）
2026-09-17 12:08:42 [INFO] etf_quant: 回测完成：胜率 64.3% / 均笔 +1.52% / 回撤 6.0% / 交易 199 笔
2026-09-17 12:08:42 [INFO] etf_quant: 信号已保存：/home/runner/work/etf-quant-auto/etf-quant-auto/data/signals/2026-09-17.json（8 条）
2026-09-17 12:08:42 [INFO] etf_quant: 实盘信号完成：共 8 只标的，其中买入信号 0 只
2026-09-17 12:08:43 [INFO] etf_quant: 已缓存 024418 净值 248 条（最新 2026-09-15）
2026-09-17 12:08:45 [INFO] etf_quant: 已缓存 017997 净值 856 条（最新 2026-09-15）
2026-09-17 12:08:46 [INFO] etf_quant: 已缓存 007531 净值 1769 条（最新 2026-09-15）
2026-09-17 12:08:47 [INFO] etf_quant: 已缓存 020640 净值 617 条（最新 2026-09-15）
2026-09-17 12:08:47 [INFO] etf_quant: 持仓提醒完成：2 条（卖出 0 / 加仓 2）
2026-09-17 12:08:47 [INFO] etf_quant: 报告已保存：/home/runner/work/etf-quant-auto/etf-quant-auto/data/signals/report_latest.md
2026-09-17 12:08:47 [INFO] etf_quant: ============================================================
2026-09-17 12:08:47 [INFO] etf_quant: 本次运行结束
