2026-10-07 13:58:42 [INFO] etf_quant: ============================================================
2026-10-07 13:58:42 [INFO] etf_quant: ETF 量化自动化系统启动（2026-10-07 13:58:42）
2026-10-07 13:58:42 [INFO] etf_quant: 运行时间配置 14:45 / 时区 Asia/Shanghai
2026-10-07 13:58:43 [INFO] etf_quant: 已缓存 004348 净值 2340 条（最新 2026-09-29）
2026-10-07 13:58:54 [INFO] etf_quant: 已缓存 001593 净值 2739 条（最新 2026-09-29）
2026-10-07 13:58:56 [INFO] etf_quant: 已缓存 005733 净值 2086 条（最新 2026-09-29）
2026-10-07 13:58:56 [INFO] etf_quant: 已缓存 006479 净值 1926 条（最新 2026-09-28）
2026-10-07 13:58:57 [INFO] etf_quant: 已缓存 006075 净值 1993 条（最新 2026-09-28）
2026-10-07 13:58:59 [INFO] etf_quant: 已缓存 007801 净值 1741 条（最新 2026-09-29）
2026-10-07 13:59:01 [INFO] etf_quant: 已缓存 007301 净值 1769 条（最新 2026-09-29）
2026-10-07 13:59:03 [INFO] etf_quant: 已缓存 011613 净值 1335 条（最新 2026-09-29）
2026-10-07 13:59:03 [INFO] etf_quant: 回测结果已保存：/home/runner/work/etf-quant-auto/etf-quant-auto/data/signals/backtest_2026-10-07.json
2026-10-07 13:59:03 [INFO] etf_quant: 交易记录已保存：/home/runner/work/etf-quant-auto/etf-quant-auto/data/trades/backtest_20261007_135903.json（199 笔）
2026-10-07 13:59:03 [INFO] etf_quant: 回测完成：胜率 64.3% / 均笔 +1.52% / 回撤 6.0% / 交易 199 笔
2026-10-07 13:59:03 [INFO] etf_quant: 信号已保存：/home/runner/work/etf-quant-auto/etf-quant-auto/data/signals/2026-10-07.json（8 条）
2026-10-07 13:59:03 [INFO] etf_quant: 实盘信号完成：共 8 只标的，其中买入信号 0 只
2026-10-07 13:59:05 [INFO] etf_quant: 已缓存 024418 净值 257 条（最新 2026-09-29）
2026-10-07 13:59:06 [INFO] etf_quant: 已缓存 017997 净值 865 条（最新 2026-09-29）
2026-10-07 13:59:07 [INFO] etf_quant: 已缓存 007531 净值 1778 条（最新 2026-09-29）
2026-10-07 13:59:08 [INFO] etf_quant: 已缓存 020640 净值 626 条（最新 2026-09-29）
2026-10-07 13:59:08 [INFO] etf_quant: 持仓提醒完成：4 条（卖出 4 / 加仓 0）
2026-10-07 13:59:08 [INFO] etf_quant: 报告已保存：/home/runner/work/etf-quant-auto/etf-quant-auto/data/signals/report_latest.md
2026-10-07 13:59:08 [INFO] etf_quant: ============================================================
2026-10-07 13:59:08 [INFO] etf_quant: 本次运行结束
