2026-08-26 07:33:15 [INFO] etf_quant: ============================================================
2026-08-26 07:33:15 [INFO] etf_quant: ETF 量化自动化系统启动（2026-08-26 07:33:15）
2026-08-26 07:33:15 [INFO] etf_quant: 运行时间配置 14:45 / 时区 Asia/Shanghai
2026-08-26 07:33:16 [INFO] etf_quant: 已缓存 004348 净值 2315 条（最新 2026-08-24）
2026-08-26 07:33:19 [INFO] etf_quant: 已缓存 001593 净值 2714 条（最新 2026-08-24）
2026-08-26 07:33:20 [INFO] etf_quant: 已缓存 005733 净值 2061 条（最新 2026-08-24）
2026-08-26 07:33:21 [INFO] etf_quant: 已缓存 006479 净值 1901 条（最新 2026-08-23）
2026-08-26 07:33:21 [INFO] etf_quant: 已缓存 006075 净值 1968 条（最新 2026-08-23）
2026-08-26 07:33:23 [INFO] etf_quant: 已缓存 007801 净值 1716 条（最新 2026-08-24）
2026-08-26 07:33:24 [INFO] etf_quant: 已缓存 007301 净值 1744 条（最新 2026-08-24）
2026-08-26 07:33:27 [INFO] etf_quant: 已缓存 011613 净值 1310 条（最新 2026-08-24）
2026-08-26 07:33:27 [INFO] etf_quant: 回测结果已保存：/home/runner/work/etf-quant-auto/etf-quant-auto/data/signals/backtest_2026-08-26.json
2026-08-26 07:33:27 [INFO] etf_quant: 交易记录已保存：/home/runner/work/etf-quant-auto/etf-quant-auto/data/trades/backtest_20260826_073327.json（194 笔）
2026-08-26 07:33:27 [INFO] etf_quant: 回测完成：胜率 66.0% / 均笔 +1.64% / 回撤 5.8% / 交易 194 笔
2026-08-26 07:33:27 [INFO] etf_quant: 信号已保存：/home/runner/work/etf-quant-auto/etf-quant-auto/data/signals/2026-08-26.json（8 条）
2026-08-26 07:33:27 [INFO] etf_quant: 实盘信号完成：共 8 只标的，其中买入信号 0 只
2026-08-26 07:33:28 [INFO] etf_quant: 已缓存 024418 净值 232 条（最新 2026-08-24）
2026-08-26 07:33:29 [INFO] etf_quant: 已缓存 017997 净值 840 条（最新 2026-08-24）
2026-08-26 07:33:31 [INFO] etf_quant: 已缓存 007531 净值 1753 条（最新 2026-08-24）
2026-08-26 07:33:31 [INFO] etf_quant: 已缓存 020640 净值 601 条（最新 2026-08-24）
2026-08-26 07:33:31 [INFO] etf_quant: 持仓提醒完成：3 条（卖出 2 / 加仓 1）
2026-08-26 07:33:31 [INFO] etf_quant: 报告已保存：/home/runner/work/etf-quant-auto/etf-quant-auto/data/signals/report_latest.md
2026-08-26 07:33:31 [INFO] etf_quant: ============================================================
2026-08-26 07:33:31 [INFO] etf_quant: 本次运行结束
