2026-08-19 07:25:31 [INFO] etf_quant: ============================================================
2026-08-19 07:25:31 [INFO] etf_quant: ETF 量化自动化系统启动（2026-08-19 07:25:31）
2026-08-19 07:25:31 [INFO] etf_quant: 运行时间配置 14:45 / 时区 Asia/Shanghai
2026-08-19 07:25:33 [INFO] etf_quant: 已缓存 004348 净值 2310 条（最新 2026-08-17）
2026-08-19 07:25:34 [INFO] etf_quant: 已缓存 001593 净值 2709 条（最新 2026-08-17）
2026-08-19 07:25:35 [INFO] etf_quant: 已缓存 005733 净值 2056 条（最新 2026-08-17）
2026-08-19 07:25:36 [INFO] etf_quant: 已缓存 006479 净值 1896 条（最新 2026-08-16）
2026-08-19 07:25:36 [INFO] etf_quant: 已缓存 006075 净值 1963 条（最新 2026-08-16）
2026-08-19 07:25:38 [INFO] etf_quant: 已缓存 007801 净值 1711 条（最新 2026-08-17）
2026-08-19 07:25:39 [INFO] etf_quant: 已缓存 007301 净值 1739 条（最新 2026-08-17）
2026-08-19 07:25:40 [INFO] etf_quant: 已缓存 011613 净值 1305 条（最新 2026-08-17）
2026-08-19 07:25:40 [INFO] etf_quant: 回测结果已保存：/home/runner/work/etf-quant-auto/etf-quant-auto/data/signals/backtest_2026-08-19.json
2026-08-19 07:25:40 [INFO] etf_quant: 交易记录已保存：/home/runner/work/etf-quant-auto/etf-quant-auto/data/trades/backtest_20260819_072540.json（194 笔）
2026-08-19 07:25:40 [INFO] etf_quant: 回测完成：胜率 66.0% / 均笔 +1.64% / 回撤 5.8% / 交易 194 笔
2026-08-19 07:25:40 [INFO] etf_quant: 信号已保存：/home/runner/work/etf-quant-auto/etf-quant-auto/data/signals/2026-08-19.json（8 条）
2026-08-19 07:25:40 [INFO] etf_quant: 实盘信号完成：共 8 只标的，其中买入信号 1 只
2026-08-19 07:25:40 [INFO] etf_quant: 已缓存 024418 净值 227 条（最新 2026-08-17）
2026-08-19 07:25:42 [INFO] etf_quant: 已缓存 017997 净值 835 条（最新 2026-08-17）
2026-08-19 07:25:43 [INFO] etf_quant: 已缓存 007531 净值 1748 条（最新 2026-08-17）
2026-08-19 07:25:44 [INFO] etf_quant: 已缓存 020640 净值 596 条（最新 2026-08-17）
2026-08-19 07:25:44 [INFO] etf_quant: 持仓提醒完成：今日无买卖信号
2026-08-19 07:25:44 [INFO] etf_quant: 报告已保存：/home/runner/work/etf-quant-auto/etf-quant-auto/data/signals/report_latest.md
2026-08-19 07:25:44 [INFO] etf_quant: ============================================================
2026-08-19 07:25:44 [INFO] etf_quant: 本次运行结束
